<def f='webkit/WebKitBuild/Debug/usr/local/include/wtf/Expected.h' l='419' ll='502'/>
<use f='webkit/WebKitBuild/Debug/usr/local/include/wtf/Expected.h' l='429'/>
<use f='webkit/WebKitBuild/Debug/usr/local/include/wtf/Expected.h' l='433'/>
<def f='webkit/WebKitBuild/Debug/usr/local/include/wtf/Expected.h' l='504' ll='559'/>
<use f='webkit/WebKitBuild/Debug/usr/local/include/wtf/Expected.h' l='514'/>
<use f='webkit/WebKitBuild/Debug/usr/local/include/wtf/Expected.h' l='518'/>
<use f='webkit/WebKitBuild/Debug/usr/local/include/wtf/Expected.h' l='561' c='_ZNSt12experimental15fundamentals_v3eqERKNS0_8expectedIT_T0_EES6_'/>
<use f='webkit/WebKitBuild/Debug/usr/local/include/wtf/Expected.h' l='561' c='_ZNSt12experimental15fundamentals_v3eqERKNS0_8expectedIT_T0_EES6_'/>
<use f='webkit/WebKitBuild/Debug/usr/local/include/wtf/Expected.h' l='562' c='_ZNSt12experimental15fundamentals_v3neERKNS0_8expectedIT_T0_EES6_'/>
<use f='webkit/WebKitBuild/Debug/usr/local/include/wtf/Expected.h' l='562' c='_ZNSt12experimental15fundamentals_v3neERKNS0_8expectedIT_T0_EES6_'/>
<use f='webkit/WebKitBuild/Debug/usr/local/include/wtf/Expected.h' l='564' c='_ZNSt12experimental15fundamentals_v3eqERKNS0_8expectedIvT_EES5_'/>
<use f='webkit/WebKitBuild/Debug/usr/local/include/wtf/Expected.h' l='564' c='_ZNSt12experimental15fundamentals_v3eqERKNS0_8expectedIvT_EES5_'/>
<use f='webkit/WebKitBuild/Debug/usr/local/include/wtf/Expected.h' l='566' c='_ZNSt12experimental15fundamentals_v3eqERKNS0_8expectedIT_T0_EERKS2_'/>
<use f='webkit/WebKitBuild/Debug/usr/local/include/wtf/Expected.h' l='567' c='_ZNSt12experimental15fundamentals_v3eqERKT_RKNS0_8expectedIS1_T0_EE'/>
<use f='webkit/WebKitBuild/Debug/usr/local/include/wtf/Expected.h' l='568' c='_ZNSt12experimental15fundamentals_v3neERKNS0_8expectedIT_T0_EERKS2_'/>
<use f='webkit/WebKitBuild/Debug/usr/local/include/wtf/Expected.h' l='569' c='_ZNSt12experimental15fundamentals_v3neERKT_RKNS0_8expectedIS1_T0_EE'/>
<use f='webkit/WebKitBuild/Debug/usr/local/include/wtf/Expected.h' l='571' c='_ZNSt12experimental15fundamentals_v3eqERKNS0_8expectedIT_T0_EERKNS0_10unexpectedIS3_EE'/>
<use f='webkit/WebKitBuild/Debug/usr/local/include/wtf/Expected.h' l='572' c='_ZNSt12experimental15fundamentals_v3eqERKNS0_10unexpectedIT0_EERKNS0_8expectedIT_S2_EE'/>
<use f='webkit/WebKitBuild/Debug/usr/local/include/wtf/Expected.h' l='573' c='_ZNSt12experimental15fundamentals_v3neERKNS0_8expectedIT_T0_EERKNS0_10unexpectedIS3_EE'/>
<use f='webkit/WebKitBuild/Debug/usr/local/include/wtf/Expected.h' l='574' c='_ZNSt12experimental15fundamentals_v3neERKNS0_10unexpectedIT0_EERKNS0_8expectedIT_S2_EE'/>
<use f='webkit/WebKitBuild/Debug/usr/local/include/wtf/Expected.h' l='576' c='_ZNSt12experimental15fundamentals_v34swapERNS0_8expectedIT_T0_EES5_'/>
<use f='webkit/WebKitBuild/Debug/usr/local/include/wtf/Expected.h' l='576' c='_ZNSt12experimental15fundamentals_v34swapERNS0_8expectedIT_T0_EES5_'/>
<use f='webkit/WebKitBuild/Debug/usr/local/include/wtf/Expected.h' l='581'/>
<use f='webkit/WebKitBuild/Debug/usr/local/include/wtf/Forward.h' l='159'/>
<fun r='_ZNSt12experimental15fundamentals_v38expectedC1Ev'/>
<fun r='_ZNSt12experimental15fundamentals_v38expectedC1ERKNS0_8expectedIT_T0_EE'/>
<fun r='_ZNSt12experimental15fundamentals_v38expectedC1EONS0_8expectedIT_T0_EE'/>
<fun r='_ZNSt12experimental15fundamentals_v38expectedC1ERKNSt3__111conditionalIXaaoosr3std7is_voidIT_EE5valuesr3std25is_trivially_destructibleIS4_EE5valuesr3s12852810'/>
<fun r='_ZNSt12experimental15fundamentals_v38expectedC1EONSt3__111conditionalIXaaoosr3std7is_voidIT_EE5valuesr3std25is_trivially_destructibleIS4_EE5valuesr3st14388621'/>
<fun r='_ZNSt12experimental15fundamentals_v38expectedC1ENSt3__110in_place_tEDpOTL0__'/>
<fun r='_ZNSt12experimental15fundamentals_v38expectedC1ERKNSt3__111conditionalIXaaoosr3std7is_voidIT_EE5valuesr3std25is_trivially_destructibleIS4_EE5valuesr3s16501882'/>
<fun r='_ZNSt12experimental15fundamentals_v38expectedC1EONSt3__111conditionalIXaaoosr3std7is_voidIT_EE5valuesr3std25is_trivially_destructibleIS4_EE5valuesr3st3562538'/>
<fun r='_ZNSt12experimental15fundamentals_v38expectedC1ERKNS0_10unexpectedITL0__EE'/>
<fun r='_ZNSt12experimental15fundamentals_v38expectedC1EONS0_10unexpectedITL0__EE'/>
<fun r='_ZNSt12experimental15fundamentals_v38expectedC1ENS0_12unexpected_tEDpOTL0__'/>
<fun r='_ZNSt12experimental15fundamentals_v38expectedD1Ev'/>
<fun r='_ZNSt12experimental15fundamentals_v38expectedaSERKNS0_8expectedIT_T0_EE'/>
<fun r='_ZNSt12experimental15fundamentals_v38expectedaSEONS0_8expectedIT_T0_EE'/>
<fun r='_ZNSt12experimental15fundamentals_v38expectedaSEOTL0__'/>
<fun r='_ZNSt12experimental15fundamentals_v38expectedaSERKNSt3__111conditionalIXaaoosr3std7is_voidIT_EE5valuesr3std25is_trivially_destructibleIS4_EE5valuesr3s5282762'/>
<fun r='_ZNSt12experimental15fundamentals_v38expectedaSEONSt3__111conditionalIXaaoosr3std7is_voidIT_EE5valuesr3std25is_trivially_destructibleIS4_EE5valuesr3st15940144'/>
<fun r='_ZNSt12experimental15fundamentals_v38expected4swapERNS0_8expectedIT_T0_EE'/>
<fun r='_ZNKSt12experimental15fundamentals_v38expectedptEv'/>
<fun r='_ZNSt12experimental15fundamentals_v38expectedptEv'/>
<fun r='_ZNKRSt12experimental15fundamentals_v38expecteddeEv'/>
<fun r='_ZNRSt12experimental15fundamentals_v38expecteddeEv'/>
<fun r='_ZNKOSt12experimental15fundamentals_v38expecteddeEv'/>
<fun r='_ZNOSt12experimental15fundamentals_v38expecteddeEv'/>
<fun r='_ZNKSt12experimental15fundamentals_v38expectedcvbEv'/>
<fun r='_ZNKSt12experimental15fundamentals_v38expected9has_valueEv'/>
<fun r='_ZNKRSt12experimental15fundamentals_v38expected5valueEv'/>
<fun r='_ZNRSt12experimental15fundamentals_v38expected5valueEv'/>
<fun r='_ZNKOSt12experimental15fundamentals_v38expected5valueEv'/>
<fun r='_ZNOSt12experimental15fundamentals_v38expected5valueEv'/>
<fun r='_ZNKRSt12experimental15fundamentals_v38expected5errorEv'/>
<fun r='_ZNRSt12experimental15fundamentals_v38expected5errorEv'/>
<fun r='_ZNOSt12experimental15fundamentals_v38expected5errorEv'/>
<fun r='_ZNKOSt12experimental15fundamentals_v38expected5errorEv'/>
<fun r='_ZNKRSt12experimental15fundamentals_v38expected8value_orEOTL0__'/>
<fun r='_ZNOSt12experimental15fundamentals_v38expected8value_orEOTL0__'/>
<fun r='_ZNSt12experimental15fundamentals_v38expectedIvT_EC1Ev'/>
<fun r='_ZNSt12experimental15fundamentals_v38expectedIvT_EC1ERKNS1_IvS2_EE'/>
<fun r='_ZNSt12experimental15fundamentals_v38expectedIvT_EC1EONS1_IvS2_EE'/>
<fun r='_ZNSt12experimental15fundamentals_v38expectedIvT_EC1ERKNSt3__111conditionalIXaaooL_ZNS4_17integral_constantIbLb1EE5valueEEL_ZNS6_IbLb0EE5valueEEsr3std12301920'/>
<fun r='_ZNSt12experimental15fundamentals_v38expectedIvT_EC1EONSt3__111conditionalIXaaooL_ZNS4_17integral_constantIbLb1EE5valueEEL_ZNS6_IbLb0EE5valueEEsr3std27362488'/>
<fun r='_ZNSt12experimental15fundamentals_v38expectedIvT_EC1ERKNS0_10unexpectedITL0__EE'/>
<fun r='_ZNSt12experimental15fundamentals_v38expectedIvT_ED1Ev'/>
<fun r='_ZNSt12experimental15fundamentals_v38expectedIvT_EaSERKNS1_IvS2_EE'/>
<fun r='_ZNSt12experimental15fundamentals_v38expectedIvT_EaSEONS1_IvS2_EE'/>
<fun r='_ZNSt12experimental15fundamentals_v38expectedIvT_EaSERKNSt3__111conditionalIXaaooL_ZNS4_17integral_constantIbLb1EE5valueEEL_ZNS6_IbLb0EE5valueEEsr3std13519120'/>
<fun r='_ZNSt12experimental15fundamentals_v38expectedIvT_EaSEONSt3__111conditionalIXaaooL_ZNS4_17integral_constantIbLb1EE5valueEEL_ZNS6_IbLb0EE5valueEEsr3std27971672'/>
<fun r='_ZNSt12experimental15fundamentals_v38expectedIvT_E4swapERNS1_IvS2_EE'/>
<fun r='_ZNKSt12experimental15fundamentals_v38expectedIvT_EcvbEv'/>
<fun r='_ZNKSt12experimental15fundamentals_v38expectedIvT_E9has_valueEv'/>
<fun r='_ZNKSt12experimental15fundamentals_v38expectedIvT_E5valueEv'/>
<fun r='_ZNKRSt12experimental15fundamentals_v38expectedIvT_E5errorEv'/>
<fun r='_ZNRSt12experimental15fundamentals_v38expectedIvT_E5errorEv'/>
<fun r='_ZNOSt12experimental15fundamentals_v38expectedIvT_E5errorEv'/>
